| family | n | size | pins | Siggers | majority | Mal'tsev | semilattice | class | note |
|---|---|---|---|---|---|---|---|---|---|
| Mon(chain 2)                                 | 2 |    3 | all  | yes     | yes      | yes     | yes         | P    | 
| Ret(chain 2) idempotent monotone             | 2 |    3 | all  | yes     | yes      | yes     | yes         | P    | 
| JoinHom(chain 2)                             | 2 |    3 | all  | yes     | yes      | yes     | yes         | P    | join is a polymorphism
| LatHom(chain 2) + constants                  | 2 |    3 | all  | yes     | yes      | yes     | yes         | P    | meet and join are polymorphisms
| Mon(chain 3)                                 | 3 |   10 | all  | yes     | yes      | no      | yes         | P    | 
| Ret(chain 3) idempotent monotone             | 3 |    8 | all  | yes     | yes      | no      | yes         | P    | 
| JoinHom(chain 3)                             | 3 |   10 | all  | yes     | yes      | no      | yes         | P    | join is a polymorphism
| LatHom(chain 3) + constants                  | 3 |   10 | all  | yes     | yes      | no      | yes         | P    | meet and join are polymorphisms
| Mon(chain 4)                                 | 4 |   35 | all  | yes     | yes      | no      | yes         | P    | 
| Ret(chain 4) idempotent monotone             | 4 |   21 | all  | yes     | yes      | no      | yes         | P    | 
| JoinHom(chain 4)                             | 4 |   35 | all  | yes     | yes      | no      | yes         | P    | join is a polymorphism
| LatHom(chain 4) + constants                  | 4 |   35 | all  | yes     | yes      | no      | yes         | P    | meet and join are polymorphisms
| Mon(antichain 2)                             | 2 |    4 | all  | yes     | yes      | yes     | no          | P    | 
| Ret(antichain 2) idempotent monotone         | 2 |    3 | all  | yes     | yes      | yes     | yes         | P    | 
| Mon(antichain 3)                             | 3 |   27 | all  | no      | no       | no      | no          | NP-c | 
| Ret(antichain 3) idempotent monotone         | 3 |   10 | all  | no      | no       | no      | no          | NP-c | 
| Mon(V (0 < a, b))                            | 3 |   11 | all  | no      | no       | no      | no          | NP-c | 
| Ret(V (0 < a, b)) idempotent monotone        | 3 |    8 | all  | no      | no       | no      | no          | NP-c | 
| Mon(Lambda (a, b < 1))                       | 3 |   11 | all  | no      | no       | no      | no          | NP-c | 
| Ret(Lambda (a, b < 1)) idempotent monotone   | 3 |    8 | all  | no      | no       | no      | no          | NP-c | 
| Mon(1 + 2)                                   | 3 |   12 | all  | no      | no       | no      | no          | NP-c | 
| Ret(1 + 2) idempotent monotone               | 3 |    8 | all  | no      | no       | no      | no          | NP-c | 
| Mon(diamond M2 = 2x2)                        | 4 |   36 | all  | no      | no       | no      | no          | NP-c | 
| Ret(diamond M2 = 2x2) idempotent monotone    | 4 |   23 | all  | no      | no       | no      | no          | NP-c | 
| JoinHom(diamond M2 = 2x2)                    | 4 |   25 | all  | yes     | no       | no      | yes         | P    | join is a polymorphism
| LatHom(diamond M2 = 2x2) + constants         | 4 |   16 | all  | yes     | yes      | yes     | yes         | P    | meet and join are polymorphisms
| Mon(2 + 2)                                   | 4 |   36 | all  | no      | no       | no      | no          | NP-c | 
| Ret(2 + 2) idempotent monotone               | 4 |   19 | all  | no      | no       | no      | no          | NP-c | 
| Mon(fence N (a<c>b<d))                       | 4 |   31 | all  | no      | no       | no      | no          | NP-c | 
| Ret(fence N (a<c>b<d)) idempotent monotone   | 4 |   19 | all  | no      | no       | no      | no          | NP-c | 
| Mon(Y (0<1<2, 1<3))                          | 4 |   40 | all  | no      | no       | no      | no          | NP-c | 
| Ret(Y (0<1<2, 1<3)) idempotent monotone      | 4 |   22 | all  | no      | no       | no      | no          | NP-c | 
| Mon(pentagon N5)                             | 5 |  136 | all  | no      | no       | no      | -           | NP-c | 
| Ret(pentagon N5) idempotent monotone         | 5 |   64 | all  | no      | no       | no      | -           | NP-c | 
| JoinHom(pentagon N5)                         | 5 |   67 | all  | yes     | no       | no      | -           | P    | join is a polymorphism
| LatHom(pentagon N5) + constants              | 5 |   26 | all  | yes     | yes      | no      | -           | P    | meet and join are polymorphisms
| Mon(M3)                                      | 5 |  178 | all  | no      | no       | no      | -           | NP-c | 
| Ret(M3) idempotent monotone                  | 5 |   77 | all  | no      | no       | no      | -           | NP-c | 
| JoinHom(M3)                                  | 5 |   66 | all  | yes     | no       | no      | -           | P    | join is a polymorphism
| LatHom(M3) + constants                       | 5 |   11 | all  | yes     | yes      | yes     | -           | P    | meet and join are polymorphisms
| T(2) all maps                                | 2 |    4 | all  | yes     | yes      | yes     | no          | P    | 
| Idem(2) all idempotent maps                  | 2 |    3 | all  | yes     | yes      | yes     | yes         | P    | 
| S(2) permutations, pinned                    | 2 |    2 | all  | yes     | yes      | yes     | no          | P    | 
| S(2) permutations, unpinned                  | 2 |    2 | none | yes     | -        | -       | -           | P    | 
| rank <= 2 maps on 2                          | 2 |    4 | all  | yes     | yes      | yes     | no          | P    | 
| T(3) all maps                                | 3 |   27 | all  | no      | no       | no      | no          | NP-c | 
| Idem(3) all idempotent maps                  | 3 |   10 | all  | no      | no       | no      | no          | NP-c | 
| S(3) permutations, pinned                    | 3 |    6 | all  | yes     | yes      | yes     | no          | P    | 
| S(3) permutations, unpinned                  | 3 |    6 | none | yes     | -        | -       | -           | P    | 
| rank <= 2 maps on 3                          | 3 |   21 | all  | no      | no       | no      | no          | NP-c | 
| T(4) all maps                                | 4 |  256 | all  | no      | no       | no      | no          | NP-c | 
| Idem(4) all idempotent maps                  | 4 |   41 | all  | no      | no       | no      | no          | NP-c | 
| S(4) permutations, pinned                    | 4 |   24 | all  | yes     | yes      | yes     | no          | P    | 
| S(4) permutations, unpinned                  | 4 |   24 | none | yes     | -        | -       | -           | P    | 
| rank <= 2 maps on 4                          | 4 |   88 | all  | no      | no       | no      | no          | NP-c | 
| dfam = {dp1, dp2, dfl, dor, dc0, dc1} (diamond) | 4 |    6 | none | no      | -        | -       | -           | NP-c | no pins: dc0, dc1 pin 0 and 1
| dfam (diamond)                               | 4 |    6 | all  | no      | no       | no      | no          | NP-c | all pins
| dfam without dp1                             | 4 |    5 | none | yes     | -        | -       | -           | P    | 
| dfam without dp2                             | 4 |    5 | none | yes     | -        | -       | -           | P    | 
| dfam without dfl                             | 4 |    5 | none | yes     | -        | -       | -           | P    | join is a polymorphism
| dfam without dor                             | 4 |    5 | none | yes     | -        | -       | -           | P    | meet is a polymorphism
| dfam without dc0                             | 4 |    5 | none | yes     | -        | -       | -           | P    | constant 1 section
| dfam without dc1                             | 4 |    5 | none | yes     | -        | -       | -           | P    | constant 0 section

Two-generated families on 3 points (pinned, up to relabelling): 67 classes, 61 with a Siggers polymorphism, 6 without:
  (0, 0, 1) and (1, 2, 0) (with all pins)
  (0, 0, 1) and (2, 0, 1) (with all pins)
  (0, 0, 2) and (1, 2, 0) (with all pins)
  (0, 0, 2) and (2, 0, 1) (with all pins)
  (1, 0, 0) and (1, 2, 0) (with all pins)
  (1, 0, 0) and (2, 0, 1) (with all pins)
